
> backend@1.0.0 start:dev
> nest start --watch

[2J[3J[H[[90m2:14:18 AM[0m] Starting compilation in watch mode...

[[90m2:14:21 AM[0m] Found 0 errors. Watching for file changes.

[32m[Nest] 18428  - [39m03/24/2026, 2:14:22 AM [32m    LOG[39m [38;5;3m[NestFactory] [39m[32mStarting Nest application...[39m
[32m[Nest] 18428  - [39m03/24/2026, 2:14:22 AM [32m    LOG[39m [38;5;3m[InstanceLoader] [39m[32mAppModule dependencies initialized[39m[38;5;3m +16ms[39m
[32m[Nest] 18428  - [39m03/24/2026, 2:14:22 AM [32m    LOG[39m [38;5;3m[InstanceLoader] [39m[32mPrismaModule dependencies initialized[39m[38;5;3m +4ms[39m
[32m[Nest] 18428  - [39m03/24/2026, 2:14:22 AM [32m    LOG[39m [38;5;3m[InstanceLoader] [39m[32mConfigHostModule dependencies initialized[39m[38;5;3m +3ms[39m
[32m[Nest] 18428  - [39m03/24/2026, 2:14:22 AM [32m    LOG[39m [38;5;3m[InstanceLoader] [39m[32mJwtModule dependencies initialized[39m[38;5;3m +1ms[39m
[32m[Nest] 18428  - [39m03/24/2026, 2:14:22 AM [32m    LOG[39m [38;5;3m[InstanceLoader] [39m[32mConfigModule dependencies initialized[39m[38;5;3m +1ms[39m
[32m[Nest] 18428  - [39m03/24/2026, 2:14:22 AM [32m    LOG[39m [38;5;3m[InstanceLoader] [39m[32mMembershipsModule dependencies initialized[39m[38;5;3m +0ms[39m
[32m[Nest] 18428  - [39m03/24/2026, 2:14:22 AM [32m    LOG[39m [38;5;3m[InstanceLoader] [39m[32mOrganizationsModule dependencies initialized[39m[38;5;3m +1ms[39m
[32m[Nest] 18428  - [39m03/24/2026, 2:14:22 AM [32m    LOG[39m [38;5;3m[InstanceLoader] [39m[32mAnnouncementsModule dependencies initialized[39m[38;5;3m +0ms[39m
[32m[Nest] 18428  - [39m03/24/2026, 2:14:22 AM [32m    LOG[39m [38;5;3m[InstanceLoader] [39m[32mUsersModule dependencies initialized[39m[38;5;3m +1ms[39m
[32m[Nest] 18428  - [39m03/24/2026, 2:14:22 AM [32m    LOG[39m [38;5;3m[InstanceLoader] [39m[32mAuthModule dependencies initialized[39m[38;5;3m +0ms[39m
[32m[Nest] 18428  - [39m03/24/2026, 2:14:22 AM [32m    LOG[39m [38;5;3m[RoutesResolver] [39m[32mAuthController {/api/auth}:[39m[38;5;3m +6ms[39m
[32m[Nest] 18428  - [39m03/24/2026, 2:14:22 AM [32m    LOG[39m [38;5;3m[RouterExplorer] [39m[32mMapped {/api/auth/signup, POST} route[39m[38;5;3m +3ms[39m
[32m[Nest] 18428  - [39m03/24/2026, 2:14:22 AM [32m    LOG[39m [38;5;3m[RouterExplorer] [39m[32mMapped {/api/auth/login, POST} route[39m[38;5;3m +1ms[39m
[32m[Nest] 18428  - [39m03/24/2026, 2:14:22 AM [32m    LOG[39m [38;5;3m[RouterExplorer] [39m[32mMapped {/api/auth/forgot-password/reset, POST} route[39m[38;5;3m +1ms[39m
[32m[Nest] 18428  - [39m03/24/2026, 2:14:22 AM [32m    LOG[39m [38;5;3m[RouterExplorer] [39m[32mMapped {/api/auth/me, GET} route[39m[38;5;3m +0ms[39m
[32m[Nest] 18428  - [39m03/24/2026, 2:14:22 AM [32m    LOG[39m [38;5;3m[RouterExplorer] [39m[32mMapped {/api/auth/me, PATCH} route[39m[38;5;3m +1ms[39m
[32m[Nest] 18428  - [39m03/24/2026, 2:14:22 AM [32m    LOG[39m [38;5;3m[RouterExplorer] [39m[32mMapped {/api/auth/me/password, PATCH} route[39m[38;5;3m +0ms[39m
[32m[Nest] 18428  - [39m03/24/2026, 2:14:22 AM [32m    LOG[39m [38;5;3m[RouterExplorer] [39m[32mMapped {/api/auth/me/finalize-credentials, PATCH} route[39m[38;5;3m +1ms[39m
[32m[Nest] 18428  - [39m03/24/2026, 2:14:22 AM [32m    LOG[39m [38;5;3m[RoutesResolver] [39m[32mMembershipsController {/api/memberships}:[39m[38;5;3m +0ms[39m
[32m[Nest] 18428  - [39m03/24/2026, 2:14:22 AM [32m    LOG[39m [38;5;3m[RouterExplorer] [39m[32mMapped {/api/memberships/applications, POST} route[39m[38;5;3m +0ms[39m
[32m[Nest] 18428  - [39m03/24/2026, 2:14:22 AM [32m    LOG[39m [38;5;3m[RouterExplorer] [39m[32mMapped {/api/memberships/applications, GET} route[39m[38;5;3m +1ms[39m
[32m[Nest] 18428  - [39m03/24/2026, 2:14:22 AM [32m    LOG[39m [38;5;3m[RouterExplorer] [39m[32mMapped {/api/memberships/applications/:id, GET} route[39m[38;5;3m +1ms[39m
[32m[Nest] 18428  - [39m03/24/2026, 2:14:22 AM [32m    LOG[39m [38;5;3m[RouterExplorer] [39m[32mMapped {/api/memberships/my-applications, GET} route[39m[38;5;3m +0ms[39m
[32m[Nest] 18428  - [39m03/24/2026, 2:14:22 AM [32m    LOG[39m [38;5;3m[RouterExplorer] [39m[32mMapped {/api/memberships/my-applications/:id, GET} route[39m[38;5;3m +1ms[39m
[32m[Nest] 18428  - [39m03/24/2026, 2:14:22 AM [32m    LOG[39m [38;5;3m[RouterExplorer] [39m[32mMapped {/api/memberships/applications/:id/documents/:documentId/download, GET} route[39m[38;5;3m +0ms[39m
[32m[Nest] 18428  - [39m03/24/2026, 2:14:22 AM [32m    LOG[39m [38;5;3m[RouterExplorer] [39m[32mMapped {/api/memberships/applications/:id/documents/:documentId, DELETE} route[39m[38;5;3m +1ms[39m
[32m[Nest] 18428  - [39m03/24/2026, 2:14:22 AM [32m    LOG[39m [38;5;3m[RouterExplorer] [39m[32mMapped {/api/memberships/applications/:id/stage, PATCH} route[39m[38;5;3m +0ms[39m
[32m[Nest] 18428  - [39m03/24/2026, 2:14:22 AM [32m    LOG[39m [38;5;3m[RouterExplorer] [39m[32mMapped {/api/memberships/applications/:id/decision, PATCH} route[39m[38;5;3m +1ms[39m
[32m[Nest] 18428  - [39m03/24/2026, 2:14:22 AM [32m    LOG[39m [38;5;3m[RouterExplorer] [39m[32mMapped {/api/memberships/applications/:id/renew, POST} route[39m[38;5;3m +0ms[39m
[32m[Nest] 18428  - [39m03/24/2026, 2:14:22 AM [32m    LOG[39m [38;5;3m[RouterExplorer] [39m[32mMapped {/api/memberships/applications/:id/upgrade, PATCH} route[39m[38;5;3m +1ms[39m
[32m[Nest] 18428  - [39m03/24/2026, 2:14:22 AM [32m    LOG[39m [38;5;3m[RouterExplorer] [39m[32mMapped {/api/memberships/applications/:id/disciplinary, POST} route[39m[38;5;3m +0ms[39m
[32m[Nest] 18428  - [39m03/24/2026, 2:14:22 AM [32m    LOG[39m [38;5;3m[RouterExplorer] [39m[32mMapped {/api/memberships/register, GET} route[39m[38;5;3m +1ms[39m
[32m[Nest] 18428  - [39m03/24/2026, 2:14:22 AM [32m    LOG[39m [38;5;3m[RouterExplorer] [39m[32mMapped {/api/memberships/certificate/:id, GET} route[39m[38;5;3m +0ms[39m
[32m[Nest] 18428  - [39m03/24/2026, 2:14:22 AM [32m    LOG[39m [38;5;3m[RouterExplorer] [39m[32mMapped {/api/memberships/applications/:id, DELETE} route[39m[38;5;3m +1ms[39m
[32m[Nest] 18428  - [39m03/24/2026, 2:14:22 AM [32m    LOG[39m [38;5;3m[RoutesResolver] [39m[32mMembershipsPublicController {/api/memberships}:[39m[38;5;3m +0ms[39m
[32m[Nest] 18428  - [39m03/24/2026, 2:14:22 AM [32m    LOG[39m [38;5;3m[RouterExplorer] [39m[32mMapped {/api/memberships/verify/:registrationNumber, GET} route[39m[38;5;3m +1ms[39m
[32m[Nest] 18428  - [39m03/24/2026, 2:14:22 AM [32m    LOG[39m [38;5;3m[RouterExplorer] [39m[32mMapped {/api/memberships/verify, GET} route[39m[38;5;3m +0ms[39m
[32m[Nest] 18428  - [39m03/24/2026, 2:14:22 AM [32m    LOG[39m [38;5;3m[RoutesResolver] [39m[32mOrganizationsController {/api/organizations}:[39m[38;5;3m +0ms[39m
[32m[Nest] 18428  - [39m03/24/2026, 2:14:22 AM [32m    LOG[39m [38;5;3m[RouterExplorer] [39m[32mMapped {/api/organizations/applications, POST} route[39m[38;5;3m +0ms[39m
[32m[Nest] 18428  - [39m03/24/2026, 2:14:22 AM [32m    LOG[39m [38;5;3m[RouterExplorer] [39m[32mMapped {/api/organizations/applications, GET} route[39m[38;5;3m +1ms[39m
[32m[Nest] 18428  - [39m03/24/2026, 2:14:22 AM [32m    LOG[39m [38;5;3m[RoutesResolver] [39m[32mAnnouncementsController {/api/announcements}:[39m[38;5;3m +0ms[39m
[32m[Nest] 18428  - [39m03/24/2026, 2:14:22 AM [32m    LOG[39m [38;5;3m[RouterExplorer] [39m[32mMapped {/api/announcements, POST} route[39m[38;5;3m +0ms[39m
[32m[Nest] 18428  - [39m03/24/2026, 2:14:22 AM [32m    LOG[39m [38;5;3m[RouterExplorer] [39m[32mMapped {/api/announcements, GET} route[39m[38;5;3m +1ms[39m
[32m[Nest] 18428  - [39m03/24/2026, 2:14:22 AM [32m    LOG[39m [38;5;3m[RoutesResolver] [39m[32mUsersController {/api/users}:[39m[38;5;3m +0ms[39m
[32m[Nest] 18428  - [39m03/24/2026, 2:14:22 AM [32m    LOG[39m [38;5;3m[RouterExplorer] [39m[32mMapped {/api/users, GET} route[39m[38;5;3m +0ms[39m
[32m[Nest] 18428  - [39m03/24/2026, 2:14:22 AM [32m    LOG[39m [38;5;3m[RouterExplorer] [39m[32mMapped {/api/users/:id, GET} route[39m[38;5;3m +1ms[39m
[32m[Nest] 18428  - [39m03/24/2026, 2:14:22 AM [32m    LOG[39m [38;5;3m[RouterExplorer] [39m[32mMapped {/api/users/:id, PATCH} route[39m[38;5;3m +0ms[39m
[32m[Nest] 18428  - [39m03/24/2026, 2:14:22 AM [32m    LOG[39m [38;5;3m[RouterExplorer] [39m[32mMapped {/api/users/:id/role, PATCH} route[39m[38;5;3m +0ms[39m
[32m[Nest] 18428  - [39m03/24/2026, 2:14:22 AM [32m    LOG[39m [38;5;3m[RouterExplorer] [39m[32mMapped {/api/users/:id, DELETE} route[39m[38;5;3m +1ms[39m
[32m[Nest] 18428  - [39m03/24/2026, 2:14:22 AM [32m    LOG[39m [38;5;3m[RouterExplorer] [39m[32mMapped {/api/users/:id/register, POST} route[39m[38;5;3m +0ms[39m
[32m[Nest] 18428  - [39m03/24/2026, 2:14:22 AM [32m    LOG[39m [38;5;3m[NestApplication] [39m[32mNest application successfully started[39m[38;5;3m +8ms[39m
IES Nest backend running on port 5000
